2026-08-24 11:47:29,474 - verbecc - INFO - verbs.py:29 - loaded verbecc config: VerbeccConfig(version=1, ENABLE_ML_PREDICTION=True, JSBEAUTIFIER_ENABLE=True, JSBEAUTIFIER_OPTS=JSBeautifierOpts(brace_style='expand', break_chained_methods=False, comma_first=False, e4x=False, end_with_newline=False, indent_char=' ', indent_empty_lines=False, indent_inner_html=False, indent_scripts='normal', indent_size=4, jslint_happy=False, keep_array_indentation=False, max_preserve_newlines=-1, preserve_newlines=False, space_before_conditional=True, unescape_strings=False, wrap_line_length=80), JSON_OPTS=JSONOpts(allow_nan=False, sort_keys=True, ensure_ascii=False, indent=4))
2026-08-24 11:47:29,491 - verbecc - WARNING - model_utils.py:60 - Exception loading model data/models/trained_model-pt.zip: [Errno 2] No such file or directory: 'C:\\Users\\AmyCheung\\AppData\\Local\\Packages\\PythonSoftwareFoundation.Python.3.13_qbz5n2kfra8p0\\LocalCache\\local-packages\\Python313\\site-packages\\verbecc\\data\\models\\trained_model-pt.zip'
Traceback (most recent call last):
  File "C:\Users\AmyCheung\AppData\Local\Packages\PythonSoftwareFoundation.Python.3.13_qbz5n2kfra8p0\LocalCache\local-packages\Python313\site-packages\verbecc\src\mlconjug\model_utils.py", line 50, in load_model
    with ZipFile(f) as zf:
         ~~~~~~~^^^
  File "C:\Program Files\WindowsApps\PythonSoftwareFoundation.Python.3.13_3.13.3824.0_x64__qbz5n2kfra8p0\Lib\zipfile\__init__.py", line 1389, in __init__
    self.fp = io.open(file, filemode)
              ~~~~~~~^^^^^^^^^^^^^^^^
FileNotFoundError: [Errno 2] No such file or directory: 'C:\\Users\\AmyCheung\\AppData\\Local\\Packages\\PythonSoftwareFoundation.Python.3.13_qbz5n2kfra8p0\\LocalCache\\local-packages\\Python313\\site-packages\\verbecc\\data\\models\\trained_model-pt.zip'
2026-08-24 11:47:29,494 - verbecc - INFO - predictor.py:23 - Could not load existing model, training new model...
2026-08-24 11:47:46,058 - verbecc - INFO - model_utils.py:35 - Saved model pickle filename trained_model-pt.pickle to zip filename data/models/trained_model-pt.zip.
2026-08-24 11:47:46,178 - verbecc - INFO - predictor.py:27 - Model training complete. Model saved to data/models/trained_model-pt.zip.
2026-08-24 11:48:00,180 - verbecc - INFO - verbs.py:29 - loaded verbecc config: VerbeccConfig(version=1, ENABLE_ML_PREDICTION=True, JSBEAUTIFIER_ENABLE=True, JSBEAUTIFIER_OPTS=JSBeautifierOpts(brace_style='expand', break_chained_methods=False, comma_first=False, e4x=False, end_with_newline=False, indent_char=' ', indent_empty_lines=False, indent_inner_html=False, indent_scripts='normal', indent_size=4, jslint_happy=False, keep_array_indentation=False, max_preserve_newlines=-1, preserve_newlines=False, space_before_conditional=True, unescape_strings=False, wrap_line_length=80), JSON_OPTS=JSONOpts(allow_nan=False, sort_keys=True, ensure_ascii=False, indent=4))
2026-08-24 11:48:00,278 - verbecc - INFO - model_utils.py:54 - Loaded model pickle (filename=trained_model-pt.pickle) from zip file (filename=data/models/trained_model-pt.zip)
2026-08-24 11:48:00,278 - verbecc - INFO - predictor.py:21 - Loaded existing model from zip file.
2026-08-24 11:48:10,033 - verbecc - INFO - verbs.py:29 - loaded verbecc config: VerbeccConfig(version=1, ENABLE_ML_PREDICTION=True, JSBEAUTIFIER_ENABLE=True, JSBEAUTIFIER_OPTS=JSBeautifierOpts(brace_style='expand', break_chained_methods=False, comma_first=False, e4x=False, end_with_newline=False, indent_char=' ', indent_empty_lines=False, indent_inner_html=False, indent_scripts='normal', indent_size=4, jslint_happy=False, keep_array_indentation=False, max_preserve_newlines=-1, preserve_newlines=False, space_before_conditional=True, unescape_strings=False, wrap_line_length=80), JSON_OPTS=JSONOpts(allow_nan=False, sort_keys=True, ensure_ascii=False, indent=4))
2026-08-24 11:48:10,123 - verbecc - INFO - model_utils.py:54 - Loaded model pickle (filename=trained_model-pt.pickle) from zip file (filename=data/models/trained_model-pt.zip)
2026-08-24 11:48:10,124 - verbecc - INFO - predictor.py:21 - Loaded existing model from zip file.
2026-08-24 11:48:18,409 - verbecc - INFO - verbs.py:29 - loaded verbecc config: VerbeccConfig(version=1, ENABLE_ML_PREDICTION=True, JSBEAUTIFIER_ENABLE=True, JSBEAUTIFIER_OPTS=JSBeautifierOpts(brace_style='expand', break_chained_methods=False, comma_first=False, e4x=False, end_with_newline=False, indent_char=' ', indent_empty_lines=False, indent_inner_html=False, indent_scripts='normal', indent_size=4, jslint_happy=False, keep_array_indentation=False, max_preserve_newlines=-1, preserve_newlines=False, space_before_conditional=True, unescape_strings=False, wrap_line_length=80), JSON_OPTS=JSONOpts(allow_nan=False, sort_keys=True, ensure_ascii=False, indent=4))
2026-08-24 11:48:18,501 - verbecc - INFO - model_utils.py:54 - Loaded model pickle (filename=trained_model-pt.pickle) from zip file (filename=data/models/trained_model-pt.zip)
2026-08-24 11:48:18,501 - verbecc - INFO - predictor.py:21 - Loaded existing model from zip file.
2026-08-24 11:48:36,041 - verbecc - INFO - verbs.py:29 - loaded verbecc config: VerbeccConfig(version=1, ENABLE_ML_PREDICTION=True, JSBEAUTIFIER_ENABLE=True, JSBEAUTIFIER_OPTS=JSBeautifierOpts(brace_style='expand', break_chained_methods=False, comma_first=False, e4x=False, end_with_newline=False, indent_char=' ', indent_empty_lines=False, indent_inner_html=False, indent_scripts='normal', indent_size=4, jslint_happy=False, keep_array_indentation=False, max_preserve_newlines=-1, preserve_newlines=False, space_before_conditional=True, unescape_strings=False, wrap_line_length=80), JSON_OPTS=JSONOpts(allow_nan=False, sort_keys=True, ensure_ascii=False, indent=4))
2026-08-24 11:48:36,138 - verbecc - INFO - model_utils.py:54 - Loaded model pickle (filename=trained_model-pt.pickle) from zip file (filename=data/models/trained_model-pt.zip)
2026-08-24 11:48:36,139 - verbecc - INFO - predictor.py:21 - Loaded existing model from zip file.
2026-08-24 11:48:52,795 - verbecc - INFO - verbs.py:29 - loaded verbecc config: VerbeccConfig(version=1, ENABLE_ML_PREDICTION=True, JSBEAUTIFIER_ENABLE=True, JSBEAUTIFIER_OPTS=JSBeautifierOpts(brace_style='expand', break_chained_methods=False, comma_first=False, e4x=False, end_with_newline=False, indent_char=' ', indent_empty_lines=False, indent_inner_html=False, indent_scripts='normal', indent_size=4, jslint_happy=False, keep_array_indentation=False, max_preserve_newlines=-1, preserve_newlines=False, space_before_conditional=True, unescape_strings=False, wrap_line_length=80), JSON_OPTS=JSONOpts(allow_nan=False, sort_keys=True, ensure_ascii=False, indent=4))
2026-08-24 11:48:52,888 - verbecc - INFO - model_utils.py:54 - Loaded model pickle (filename=trained_model-pt.pickle) from zip file (filename=data/models/trained_model-pt.zip)
2026-08-24 11:48:52,889 - verbecc - INFO - predictor.py:21 - Loaded existing model from zip file.
2026-08-24 11:53:40,464 - verbecc - INFO - verbs.py:29 - loaded verbecc config: VerbeccConfig(version=1, ENABLE_ML_PREDICTION=True, JSBEAUTIFIER_ENABLE=True, JSBEAUTIFIER_OPTS=JSBeautifierOpts(brace_style='expand', break_chained_methods=False, comma_first=False, e4x=False, end_with_newline=False, indent_char=' ', indent_empty_lines=False, indent_inner_html=False, indent_scripts='normal', indent_size=4, jslint_happy=False, keep_array_indentation=False, max_preserve_newlines=-1, preserve_newlines=False, space_before_conditional=True, unescape_strings=False, wrap_line_length=80), JSON_OPTS=JSONOpts(allow_nan=False, sort_keys=True, ensure_ascii=False, indent=4))
2026-08-24 11:53:40,567 - verbecc - INFO - model_utils.py:54 - Loaded model pickle (filename=trained_model-pt.pickle) from zip file (filename=data/models/trained_model-pt.zip)
2026-08-24 11:53:40,567 - verbecc - INFO - predictor.py:21 - Loaded existing model from zip file.
2026-08-24 11:54:06,399 - verbecc - INFO - verbs.py:29 - loaded verbecc config: VerbeccConfig(version=1, ENABLE_ML_PREDICTION=True, JSBEAUTIFIER_ENABLE=True, JSBEAUTIFIER_OPTS=JSBeautifierOpts(brace_style='expand', break_chained_methods=False, comma_first=False, e4x=False, end_with_newline=False, indent_char=' ', indent_empty_lines=False, indent_inner_html=False, indent_scripts='normal', indent_size=4, jslint_happy=False, keep_array_indentation=False, max_preserve_newlines=-1, preserve_newlines=False, space_before_conditional=True, unescape_strings=False, wrap_line_length=80), JSON_OPTS=JSONOpts(allow_nan=False, sort_keys=True, ensure_ascii=False, indent=4))
2026-08-24 11:54:06,501 - verbecc - INFO - model_utils.py:54 - Loaded model pickle (filename=trained_model-pt.pickle) from zip file (filename=data/models/trained_model-pt.zip)
2026-08-24 11:54:06,501 - verbecc - INFO - predictor.py:21 - Loaded existing model from zip file.
2026-08-24 11:54:47,611 - verbecc - INFO - verbs.py:29 - loaded verbecc config: VerbeccConfig(version=1, ENABLE_ML_PREDICTION=True, JSBEAUTIFIER_ENABLE=True, JSBEAUTIFIER_OPTS=JSBeautifierOpts(brace_style='expand', break_chained_methods=False, comma_first=False, e4x=False, end_with_newline=False, indent_char=' ', indent_empty_lines=False, indent_inner_html=False, indent_scripts='normal', indent_size=4, jslint_happy=False, keep_array_indentation=False, max_preserve_newlines=-1, preserve_newlines=False, space_before_conditional=True, unescape_strings=False, wrap_line_length=80), JSON_OPTS=JSONOpts(allow_nan=False, sort_keys=True, ensure_ascii=False, indent=4))
2026-08-24 11:54:47,702 - verbecc - INFO - model_utils.py:54 - Loaded model pickle (filename=trained_model-pt.pickle) from zip file (filename=data/models/trained_model-pt.zip)
2026-08-24 11:54:47,702 - verbecc - INFO - predictor.py:21 - Loaded existing model from zip file.
2026-08-24 11:55:43,157 - verbecc - INFO - verbs.py:29 - loaded verbecc config: VerbeccConfig(version=1, ENABLE_ML_PREDICTION=True, JSBEAUTIFIER_ENABLE=True, JSBEAUTIFIER_OPTS=JSBeautifierOpts(brace_style='expand', break_chained_methods=False, comma_first=False, e4x=False, end_with_newline=False, indent_char=' ', indent_empty_lines=False, indent_inner_html=False, indent_scripts='normal', indent_size=4, jslint_happy=False, keep_array_indentation=False, max_preserve_newlines=-1, preserve_newlines=False, space_before_conditional=True, unescape_strings=False, wrap_line_length=80), JSON_OPTS=JSONOpts(allow_nan=False, sort_keys=True, ensure_ascii=False, indent=4))
2026-08-24 11:55:43,251 - verbecc - INFO - model_utils.py:54 - Loaded model pickle (filename=trained_model-pt.pickle) from zip file (filename=data/models/trained_model-pt.zip)
2026-08-24 11:55:43,252 - verbecc - INFO - predictor.py:21 - Loaded existing model from zip file.
2026-08-24 11:58:32,492 - verbecc - INFO - verbs.py:29 - loaded verbecc config: VerbeccConfig(version=1, ENABLE_ML_PREDICTION=True, JSBEAUTIFIER_ENABLE=True, JSBEAUTIFIER_OPTS=JSBeautifierOpts(brace_style='expand', break_chained_methods=False, comma_first=False, e4x=False, end_with_newline=False, indent_char=' ', indent_empty_lines=False, indent_inner_html=False, indent_scripts='normal', indent_size=4, jslint_happy=False, keep_array_indentation=False, max_preserve_newlines=-1, preserve_newlines=False, space_before_conditional=True, unescape_strings=False, wrap_line_length=80), JSON_OPTS=JSONOpts(allow_nan=False, sort_keys=True, ensure_ascii=False, indent=4))
2026-08-24 11:58:32,599 - verbecc - INFO - model_utils.py:54 - Loaded model pickle (filename=trained_model-pt.pickle) from zip file (filename=data/models/trained_model-pt.zip)
2026-08-24 11:58:32,600 - verbecc - INFO - predictor.py:21 - Loaded existing model from zip file.
2026-08-24 12:02:22,927 - verbecc - INFO - verbs.py:29 - loaded verbecc config: VerbeccConfig(version=1, ENABLE_ML_PREDICTION=True, JSBEAUTIFIER_ENABLE=True, JSBEAUTIFIER_OPTS=JSBeautifierOpts(brace_style='expand', break_chained_methods=False, comma_first=False, e4x=False, end_with_newline=False, indent_char=' ', indent_empty_lines=False, indent_inner_html=False, indent_scripts='normal', indent_size=4, jslint_happy=False, keep_array_indentation=False, max_preserve_newlines=-1, preserve_newlines=False, space_before_conditional=True, unescape_strings=False, wrap_line_length=80), JSON_OPTS=JSONOpts(allow_nan=False, sort_keys=True, ensure_ascii=False, indent=4))
2026-08-24 12:02:23,038 - verbecc - INFO - model_utils.py:54 - Loaded model pickle (filename=trained_model-pt.pickle) from zip file (filename=data/models/trained_model-pt.zip)
2026-08-24 12:02:23,038 - verbecc - INFO - predictor.py:21 - Loaded existing model from zip file.
2026-08-24 12:27:57,495 - verbecc - INFO - verbs.py:29 - loaded verbecc config: VerbeccConfig(version=1, ENABLE_ML_PREDICTION=True, JSBEAUTIFIER_ENABLE=True, JSBEAUTIFIER_OPTS=JSBeautifierOpts(brace_style='expand', break_chained_methods=False, comma_first=False, e4x=False, end_with_newline=False, indent_char=' ', indent_empty_lines=False, indent_inner_html=False, indent_scripts='normal', indent_size=4, jslint_happy=False, keep_array_indentation=False, max_preserve_newlines=-1, preserve_newlines=False, space_before_conditional=True, unescape_strings=False, wrap_line_length=80), JSON_OPTS=JSONOpts(allow_nan=False, sort_keys=True, ensure_ascii=False, indent=4))
2026-08-24 12:27:57,589 - verbecc - INFO - model_utils.py:54 - Loaded model pickle (filename=trained_model-pt.pickle) from zip file (filename=data/models/trained_model-pt.zip)
2026-08-24 12:27:57,590 - verbecc - INFO - predictor.py:21 - Loaded existing model from zip file.
2026-08-24 12:45:08,361 - verbecc - INFO - verbs.py:29 - loaded verbecc config: VerbeccConfig(version=1, ENABLE_ML_PREDICTION=True, JSBEAUTIFIER_ENABLE=True, JSBEAUTIFIER_OPTS=JSBeautifierOpts(brace_style='expand', break_chained_methods=False, comma_first=False, e4x=False, end_with_newline=False, indent_char=' ', indent_empty_lines=False, indent_inner_html=False, indent_scripts='normal', indent_size=4, jslint_happy=False, keep_array_indentation=False, max_preserve_newlines=-1, preserve_newlines=False, space_before_conditional=True, unescape_strings=False, wrap_line_length=80), JSON_OPTS=JSONOpts(allow_nan=False, sort_keys=True, ensure_ascii=False, indent=4))
2026-08-24 12:45:08,465 - verbecc - INFO - model_utils.py:54 - Loaded model pickle (filename=trained_model-pt.pickle) from zip file (filename=data/models/trained_model-pt.zip)
2026-08-24 12:45:08,465 - verbecc - INFO - predictor.py:21 - Loaded existing model from zip file.
2026-08-24 12:46:39,752 - verbecc - INFO - verbs.py:29 - loaded verbecc config: VerbeccConfig(version=1, ENABLE_ML_PREDICTION=True, JSBEAUTIFIER_ENABLE=True, JSBEAUTIFIER_OPTS=JSBeautifierOpts(brace_style='expand', break_chained_methods=False, comma_first=False, e4x=False, end_with_newline=False, indent_char=' ', indent_empty_lines=False, indent_inner_html=False, indent_scripts='normal', indent_size=4, jslint_happy=False, keep_array_indentation=False, max_preserve_newlines=-1, preserve_newlines=False, space_before_conditional=True, unescape_strings=False, wrap_line_length=80), JSON_OPTS=JSONOpts(allow_nan=False, sort_keys=True, ensure_ascii=False, indent=4))
2026-08-24 12:46:39,859 - verbecc - INFO - model_utils.py:54 - Loaded model pickle (filename=trained_model-pt.pickle) from zip file (filename=data/models/trained_model-pt.zip)
2026-08-24 12:46:39,860 - verbecc - INFO - predictor.py:21 - Loaded existing model from zip file.
2026-08-24 12:52:08,044 - verbecc - INFO - verbs.py:29 - loaded verbecc config: VerbeccConfig(version=1, ENABLE_ML_PREDICTION=True, JSBEAUTIFIER_ENABLE=True, JSBEAUTIFIER_OPTS=JSBeautifierOpts(brace_style='expand', break_chained_methods=False, comma_first=False, e4x=False, end_with_newline=False, indent_char=' ', indent_empty_lines=False, indent_inner_html=False, indent_scripts='normal', indent_size=4, jslint_happy=False, keep_array_indentation=False, max_preserve_newlines=-1, preserve_newlines=False, space_before_conditional=True, unescape_strings=False, wrap_line_length=80), JSON_OPTS=JSONOpts(allow_nan=False, sort_keys=True, ensure_ascii=False, indent=4))
2026-08-24 12:52:08,160 - verbecc - INFO - model_utils.py:54 - Loaded model pickle (filename=trained_model-pt.pickle) from zip file (filename=data/models/trained_model-pt.zip)
2026-08-24 12:52:08,160 - verbecc - INFO - predictor.py:21 - Loaded existing model from zip file.
2026-08-24 13:00:32,567 - verbecc - INFO - verbs.py:29 - loaded verbecc config: VerbeccConfig(version=1, ENABLE_ML_PREDICTION=True, JSBEAUTIFIER_ENABLE=True, JSBEAUTIFIER_OPTS=JSBeautifierOpts(brace_style='expand', break_chained_methods=False, comma_first=False, e4x=False, end_with_newline=False, indent_char=' ', indent_empty_lines=False, indent_inner_html=False, indent_scripts='normal', indent_size=4, jslint_happy=False, keep_array_indentation=False, max_preserve_newlines=-1, preserve_newlines=False, space_before_conditional=True, unescape_strings=False, wrap_line_length=80), JSON_OPTS=JSONOpts(allow_nan=False, sort_keys=True, ensure_ascii=False, indent=4))
2026-08-24 13:00:32,698 - verbecc - INFO - model_utils.py:54 - Loaded model pickle (filename=trained_model-pt.pickle) from zip file (filename=data/models/trained_model-pt.zip)
2026-08-24 13:00:32,698 - verbecc - INFO - predictor.py:21 - Loaded existing model from zip file.
2026-08-24 13:02:44,698 - verbecc - INFO - verbs.py:29 - loaded verbecc config: VerbeccConfig(version=1, ENABLE_ML_PREDICTION=True, JSBEAUTIFIER_ENABLE=True, JSBEAUTIFIER_OPTS=JSBeautifierOpts(brace_style='expand', break_chained_methods=False, comma_first=False, e4x=False, end_with_newline=False, indent_char=' ', indent_empty_lines=False, indent_inner_html=False, indent_scripts='normal', indent_size=4, jslint_happy=False, keep_array_indentation=False, max_preserve_newlines=-1, preserve_newlines=False, space_before_conditional=True, unescape_strings=False, wrap_line_length=80), JSON_OPTS=JSONOpts(allow_nan=False, sort_keys=True, ensure_ascii=False, indent=4))
2026-08-24 13:02:44,806 - verbecc - INFO - model_utils.py:54 - Loaded model pickle (filename=trained_model-pt.pickle) from zip file (filename=data/models/trained_model-pt.zip)
2026-08-24 13:02:44,806 - verbecc - INFO - predictor.py:21 - Loaded existing model from zip file.
2026-08-24 13:09:46,180 - verbecc - INFO - verbs.py:29 - loaded verbecc config: VerbeccConfig(version=1, ENABLE_ML_PREDICTION=True, JSBEAUTIFIER_ENABLE=True, JSBEAUTIFIER_OPTS=JSBeautifierOpts(brace_style='expand', break_chained_methods=False, comma_first=False, e4x=False, end_with_newline=False, indent_char=' ', indent_empty_lines=False, indent_inner_html=False, indent_scripts='normal', indent_size=4, jslint_happy=False, keep_array_indentation=False, max_preserve_newlines=-1, preserve_newlines=False, space_before_conditional=True, unescape_strings=False, wrap_line_length=80), JSON_OPTS=JSONOpts(allow_nan=False, sort_keys=True, ensure_ascii=False, indent=4))
2026-08-24 13:09:46,275 - verbecc - INFO - model_utils.py:54 - Loaded model pickle (filename=trained_model-pt.pickle) from zip file (filename=data/models/trained_model-pt.zip)
2026-08-24 13:09:46,275 - verbecc - INFO - predictor.py:21 - Loaded existing model from zip file.
2026-08-24 13:20:10,473 - verbecc - INFO - verbs.py:29 - loaded verbecc config: VerbeccConfig(version=1, ENABLE_ML_PREDICTION=True, JSBEAUTIFIER_ENABLE=True, JSBEAUTIFIER_OPTS=JSBeautifierOpts(brace_style='expand', break_chained_methods=False, comma_first=False, e4x=False, end_with_newline=False, indent_char=' ', indent_empty_lines=False, indent_inner_html=False, indent_scripts='normal', indent_size=4, jslint_happy=False, keep_array_indentation=False, max_preserve_newlines=-1, preserve_newlines=False, space_before_conditional=True, unescape_strings=False, wrap_line_length=80), JSON_OPTS=JSONOpts(allow_nan=False, sort_keys=True, ensure_ascii=False, indent=4))
2026-08-24 13:20:10,565 - verbecc - INFO - model_utils.py:54 - Loaded model pickle (filename=trained_model-pt.pickle) from zip file (filename=data/models/trained_model-pt.zip)
2026-08-24 13:20:10,565 - verbecc - INFO - predictor.py:21 - Loaded existing model from zip file.
2026-08-24 13:21:54,994 - verbecc - INFO - verbs.py:29 - loaded verbecc config: VerbeccConfig(version=1, ENABLE_ML_PREDICTION=True, JSBEAUTIFIER_ENABLE=True, JSBEAUTIFIER_OPTS=JSBeautifierOpts(brace_style='expand', break_chained_methods=False, comma_first=False, e4x=False, end_with_newline=False, indent_char=' ', indent_empty_lines=False, indent_inner_html=False, indent_scripts='normal', indent_size=4, jslint_happy=False, keep_array_indentation=False, max_preserve_newlines=-1, preserve_newlines=False, space_before_conditional=True, unescape_strings=False, wrap_line_length=80), JSON_OPTS=JSONOpts(allow_nan=False, sort_keys=True, ensure_ascii=False, indent=4))
2026-08-24 13:21:55,084 - verbecc - INFO - model_utils.py:54 - Loaded model pickle (filename=trained_model-pt.pickle) from zip file (filename=data/models/trained_model-pt.zip)
2026-08-24 13:21:55,085 - verbecc - INFO - predictor.py:21 - Loaded existing model from zip file.
2026-08-24 13:22:43,572 - verbecc - INFO - verbs.py:29 - loaded verbecc config: VerbeccConfig(version=1, ENABLE_ML_PREDICTION=True, JSBEAUTIFIER_ENABLE=True, JSBEAUTIFIER_OPTS=JSBeautifierOpts(brace_style='expand', break_chained_methods=False, comma_first=False, e4x=False, end_with_newline=False, indent_char=' ', indent_empty_lines=False, indent_inner_html=False, indent_scripts='normal', indent_size=4, jslint_happy=False, keep_array_indentation=False, max_preserve_newlines=-1, preserve_newlines=False, space_before_conditional=True, unescape_strings=False, wrap_line_length=80), JSON_OPTS=JSONOpts(allow_nan=False, sort_keys=True, ensure_ascii=False, indent=4))
2026-08-24 13:22:43,665 - verbecc - INFO - model_utils.py:54 - Loaded model pickle (filename=trained_model-pt.pickle) from zip file (filename=data/models/trained_model-pt.zip)
2026-08-24 13:22:43,666 - verbecc - INFO - predictor.py:21 - Loaded existing model from zip file.
2026-08-24 13:28:51,961 - verbecc - INFO - verbs.py:29 - loaded verbecc config: VerbeccConfig(version=1, ENABLE_ML_PREDICTION=True, JSBEAUTIFIER_ENABLE=True, JSBEAUTIFIER_OPTS=JSBeautifierOpts(brace_style='expand', break_chained_methods=False, comma_first=False, e4x=False, end_with_newline=False, indent_char=' ', indent_empty_lines=False, indent_inner_html=False, indent_scripts='normal', indent_size=4, jslint_happy=False, keep_array_indentation=False, max_preserve_newlines=-1, preserve_newlines=False, space_before_conditional=True, unescape_strings=False, wrap_line_length=80), JSON_OPTS=JSONOpts(allow_nan=False, sort_keys=True, ensure_ascii=False, indent=4))
2026-08-24 13:28:52,052 - verbecc - INFO - model_utils.py:54 - Loaded model pickle (filename=trained_model-pt.pickle) from zip file (filename=data/models/trained_model-pt.zip)
2026-08-24 13:28:52,052 - verbecc - INFO - predictor.py:21 - Loaded existing model from zip file.
2026-08-24 13:35:35,229 - verbecc - INFO - verbs.py:29 - loaded verbecc config: VerbeccConfig(version=1, ENABLE_ML_PREDICTION=True, JSBEAUTIFIER_ENABLE=True, JSBEAUTIFIER_OPTS=JSBeautifierOpts(brace_style='expand', break_chained_methods=False, comma_first=False, e4x=False, end_with_newline=False, indent_char=' ', indent_empty_lines=False, indent_inner_html=False, indent_scripts='normal', indent_size=4, jslint_happy=False, keep_array_indentation=False, max_preserve_newlines=-1, preserve_newlines=False, space_before_conditional=True, unescape_strings=False, wrap_line_length=80), JSON_OPTS=JSONOpts(allow_nan=False, sort_keys=True, ensure_ascii=False, indent=4))
2026-08-24 13:35:35,325 - verbecc - INFO - model_utils.py:54 - Loaded model pickle (filename=trained_model-pt.pickle) from zip file (filename=data/models/trained_model-pt.zip)
2026-08-24 13:35:35,326 - verbecc - INFO - predictor.py:21 - Loaded existing model from zip file.
2026-08-24 13:48:08,788 - verbecc - INFO - verbs.py:29 - loaded verbecc config: VerbeccConfig(version=1, ENABLE_ML_PREDICTION=True, JSBEAUTIFIER_ENABLE=True, JSBEAUTIFIER_OPTS=JSBeautifierOpts(brace_style='expand', break_chained_methods=False, comma_first=False, e4x=False, end_with_newline=False, indent_char=' ', indent_empty_lines=False, indent_inner_html=False, indent_scripts='normal', indent_size=4, jslint_happy=False, keep_array_indentation=False, max_preserve_newlines=-1, preserve_newlines=False, space_before_conditional=True, unescape_strings=False, wrap_line_length=80), JSON_OPTS=JSONOpts(allow_nan=False, sort_keys=True, ensure_ascii=False, indent=4))
2026-08-24 13:48:08,882 - verbecc - INFO - model_utils.py:54 - Loaded model pickle (filename=trained_model-pt.pickle) from zip file (filename=data/models/trained_model-pt.zip)
2026-08-24 13:48:08,882 - verbecc - INFO - predictor.py:21 - Loaded existing model from zip file.
2026-08-24 13:50:14,955 - verbecc - INFO - verbs.py:29 - loaded verbecc config: VerbeccConfig(version=1, ENABLE_ML_PREDICTION=True, JSBEAUTIFIER_ENABLE=True, JSBEAUTIFIER_OPTS=JSBeautifierOpts(brace_style='expand', break_chained_methods=False, comma_first=False, e4x=False, end_with_newline=False, indent_char=' ', indent_empty_lines=False, indent_inner_html=False, indent_scripts='normal', indent_size=4, jslint_happy=False, keep_array_indentation=False, max_preserve_newlines=-1, preserve_newlines=False, space_before_conditional=True, unescape_strings=False, wrap_line_length=80), JSON_OPTS=JSONOpts(allow_nan=False, sort_keys=True, ensure_ascii=False, indent=4))
2026-08-24 13:50:15,052 - verbecc - INFO - model_utils.py:54 - Loaded model pickle (filename=trained_model-pt.pickle) from zip file (filename=data/models/trained_model-pt.zip)
2026-08-24 13:50:15,053 - verbecc - INFO - predictor.py:21 - Loaded existing model from zip file.
2026-08-24 13:54:57,826 - verbecc - INFO - verbs.py:29 - loaded verbecc config: VerbeccConfig(version=1, ENABLE_ML_PREDICTION=True, JSBEAUTIFIER_ENABLE=True, JSBEAUTIFIER_OPTS=JSBeautifierOpts(brace_style='expand', break_chained_methods=False, comma_first=False, e4x=False, end_with_newline=False, indent_char=' ', indent_empty_lines=False, indent_inner_html=False, indent_scripts='normal', indent_size=4, jslint_happy=False, keep_array_indentation=False, max_preserve_newlines=-1, preserve_newlines=False, space_before_conditional=True, unescape_strings=False, wrap_line_length=80), JSON_OPTS=JSONOpts(allow_nan=False, sort_keys=True, ensure_ascii=False, indent=4))
2026-08-24 13:54:57,931 - verbecc - INFO - model_utils.py:54 - Loaded model pickle (filename=trained_model-pt.pickle) from zip file (filename=data/models/trained_model-pt.zip)
2026-08-24 13:54:57,931 - verbecc - INFO - predictor.py:21 - Loaded existing model from zip file.
2026-08-24 13:58:15,851 - verbecc - INFO - verbs.py:29 - loaded verbecc config: VerbeccConfig(version=1, ENABLE_ML_PREDICTION=True, JSBEAUTIFIER_ENABLE=True, JSBEAUTIFIER_OPTS=JSBeautifierOpts(brace_style='expand', break_chained_methods=False, comma_first=False, e4x=False, end_with_newline=False, indent_char=' ', indent_empty_lines=False, indent_inner_html=False, indent_scripts='normal', indent_size=4, jslint_happy=False, keep_array_indentation=False, max_preserve_newlines=-1, preserve_newlines=False, space_before_conditional=True, unescape_strings=False, wrap_line_length=80), JSON_OPTS=JSONOpts(allow_nan=False, sort_keys=True, ensure_ascii=False, indent=4))
2026-08-24 13:58:15,947 - verbecc - INFO - model_utils.py:54 - Loaded model pickle (filename=trained_model-pt.pickle) from zip file (filename=data/models/trained_model-pt.zip)
2026-08-24 13:58:15,947 - verbecc - INFO - predictor.py:21 - Loaded existing model from zip file.
2026-08-24 14:02:05,004 - verbecc - INFO - verbs.py:29 - loaded verbecc config: VerbeccConfig(version=1, ENABLE_ML_PREDICTION=True, JSBEAUTIFIER_ENABLE=True, JSBEAUTIFIER_OPTS=JSBeautifierOpts(brace_style='expand', break_chained_methods=False, comma_first=False, e4x=False, end_with_newline=False, indent_char=' ', indent_empty_lines=False, indent_inner_html=False, indent_scripts='normal', indent_size=4, jslint_happy=False, keep_array_indentation=False, max_preserve_newlines=-1, preserve_newlines=False, space_before_conditional=True, unescape_strings=False, wrap_line_length=80), JSON_OPTS=JSONOpts(allow_nan=False, sort_keys=True, ensure_ascii=False, indent=4))
2026-08-24 14:02:05,099 - verbecc - INFO - model_utils.py:54 - Loaded model pickle (filename=trained_model-pt.pickle) from zip file (filename=data/models/trained_model-pt.zip)
2026-08-24 14:02:05,099 - verbecc - INFO - predictor.py:21 - Loaded existing model from zip file.
2026-08-24 14:11:53,575 - verbecc - INFO - verbs.py:29 - loaded verbecc config: VerbeccConfig(version=1, ENABLE_ML_PREDICTION=True, JSBEAUTIFIER_ENABLE=True, JSBEAUTIFIER_OPTS=JSBeautifierOpts(brace_style='expand', break_chained_methods=False, comma_first=False, e4x=False, end_with_newline=False, indent_char=' ', indent_empty_lines=False, indent_inner_html=False, indent_scripts='normal', indent_size=4, jslint_happy=False, keep_array_indentation=False, max_preserve_newlines=-1, preserve_newlines=False, space_before_conditional=True, unescape_strings=False, wrap_line_length=80), JSON_OPTS=JSONOpts(allow_nan=False, sort_keys=True, ensure_ascii=False, indent=4))
2026-08-24 14:11:53,666 - verbecc - INFO - model_utils.py:54 - Loaded model pickle (filename=trained_model-pt.pickle) from zip file (filename=data/models/trained_model-pt.zip)
2026-08-24 14:11:53,667 - verbecc - INFO - predictor.py:21 - Loaded existing model from zip file.
2026-08-24 14:14:36,655 - verbecc - INFO - verbs.py:29 - loaded verbecc config: VerbeccConfig(version=1, ENABLE_ML_PREDICTION=True, JSBEAUTIFIER_ENABLE=True, JSBEAUTIFIER_OPTS=JSBeautifierOpts(brace_style='expand', break_chained_methods=False, comma_first=False, e4x=False, end_with_newline=False, indent_char=' ', indent_empty_lines=False, indent_inner_html=False, indent_scripts='normal', indent_size=4, jslint_happy=False, keep_array_indentation=False, max_preserve_newlines=-1, preserve_newlines=False, space_before_conditional=True, unescape_strings=False, wrap_line_length=80), JSON_OPTS=JSONOpts(allow_nan=False, sort_keys=True, ensure_ascii=False, indent=4))
2026-08-24 14:14:36,765 - verbecc - INFO - model_utils.py:54 - Loaded model pickle (filename=trained_model-pt.pickle) from zip file (filename=data/models/trained_model-pt.zip)
2026-08-24 14:14:36,765 - verbecc - INFO - predictor.py:21 - Loaded existing model from zip file.
2026-08-24 14:20:13,019 - verbecc - INFO - verbs.py:29 - loaded verbecc config: VerbeccConfig(version=1, ENABLE_ML_PREDICTION=True, JSBEAUTIFIER_ENABLE=True, JSBEAUTIFIER_OPTS=JSBeautifierOpts(brace_style='expand', break_chained_methods=False, comma_first=False, e4x=False, end_with_newline=False, indent_char=' ', indent_empty_lines=False, indent_inner_html=False, indent_scripts='normal', indent_size=4, jslint_happy=False, keep_array_indentation=False, max_preserve_newlines=-1, preserve_newlines=False, space_before_conditional=True, unescape_strings=False, wrap_line_length=80), JSON_OPTS=JSONOpts(allow_nan=False, sort_keys=True, ensure_ascii=False, indent=4))
2026-08-24 14:20:13,122 - verbecc - INFO - model_utils.py:54 - Loaded model pickle (filename=trained_model-pt.pickle) from zip file (filename=data/models/trained_model-pt.zip)
2026-08-24 14:20:13,123 - verbecc - INFO - predictor.py:21 - Loaded existing model from zip file.
2026-08-24 14:26:06,964 - verbecc - INFO - verbs.py:29 - loaded verbecc config: VerbeccConfig(version=1, ENABLE_ML_PREDICTION=True, JSBEAUTIFIER_ENABLE=True, JSBEAUTIFIER_OPTS=JSBeautifierOpts(brace_style='expand', break_chained_methods=False, comma_first=False, e4x=False, end_with_newline=False, indent_char=' ', indent_empty_lines=False, indent_inner_html=False, indent_scripts='normal', indent_size=4, jslint_happy=False, keep_array_indentation=False, max_preserve_newlines=-1, preserve_newlines=False, space_before_conditional=True, unescape_strings=False, wrap_line_length=80), JSON_OPTS=JSONOpts(allow_nan=False, sort_keys=True, ensure_ascii=False, indent=4))
2026-08-24 14:26:07,076 - verbecc - INFO - model_utils.py:54 - Loaded model pickle (filename=trained_model-pt.pickle) from zip file (filename=data/models/trained_model-pt.zip)
2026-08-24 14:26:07,076 - verbecc - INFO - predictor.py:21 - Loaded existing model from zip file.
2026-08-24 14:26:34,090 - verbecc - INFO - verbs.py:29 - loaded verbecc config: VerbeccConfig(version=1, ENABLE_ML_PREDICTION=True, JSBEAUTIFIER_ENABLE=True, JSBEAUTIFIER_OPTS=JSBeautifierOpts(brace_style='expand', break_chained_methods=False, comma_first=False, e4x=False, end_with_newline=False, indent_char=' ', indent_empty_lines=False, indent_inner_html=False, indent_scripts='normal', indent_size=4, jslint_happy=False, keep_array_indentation=False, max_preserve_newlines=-1, preserve_newlines=False, space_before_conditional=True, unescape_strings=False, wrap_line_length=80), JSON_OPTS=JSONOpts(allow_nan=False, sort_keys=True, ensure_ascii=False, indent=4))
2026-08-24 14:26:34,182 - verbecc - INFO - model_utils.py:54 - Loaded model pickle (filename=trained_model-pt.pickle) from zip file (filename=data/models/trained_model-pt.zip)
2026-08-24 14:26:34,182 - verbecc - INFO - predictor.py:21 - Loaded existing model from zip file.
2026-08-24 14:31:48,751 - verbecc - INFO - verbs.py:29 - loaded verbecc config: VerbeccConfig(version=1, ENABLE_ML_PREDICTION=True, JSBEAUTIFIER_ENABLE=True, JSBEAUTIFIER_OPTS=JSBeautifierOpts(brace_style='expand', break_chained_methods=False, comma_first=False, e4x=False, end_with_newline=False, indent_char=' ', indent_empty_lines=False, indent_inner_html=False, indent_scripts='normal', indent_size=4, jslint_happy=False, keep_array_indentation=False, max_preserve_newlines=-1, preserve_newlines=False, space_before_conditional=True, unescape_strings=False, wrap_line_length=80), JSON_OPTS=JSONOpts(allow_nan=False, sort_keys=True, ensure_ascii=False, indent=4))
2026-08-24 14:31:48,843 - verbecc - INFO - model_utils.py:54 - Loaded model pickle (filename=trained_model-pt.pickle) from zip file (filename=data/models/trained_model-pt.zip)
2026-08-24 14:31:48,843 - verbecc - INFO - predictor.py:21 - Loaded existing model from zip file.
2026-08-24 14:32:19,149 - verbecc - INFO - verbs.py:29 - loaded verbecc config: VerbeccConfig(version=1, ENABLE_ML_PREDICTION=True, JSBEAUTIFIER_ENABLE=True, JSBEAUTIFIER_OPTS=JSBeautifierOpts(brace_style='expand', break_chained_methods=False, comma_first=False, e4x=False, end_with_newline=False, indent_char=' ', indent_empty_lines=False, indent_inner_html=False, indent_scripts='normal', indent_size=4, jslint_happy=False, keep_array_indentation=False, max_preserve_newlines=-1, preserve_newlines=False, space_before_conditional=True, unescape_strings=False, wrap_line_length=80), JSON_OPTS=JSONOpts(allow_nan=False, sort_keys=True, ensure_ascii=False, indent=4))
2026-08-24 14:32:19,239 - verbecc - INFO - model_utils.py:54 - Loaded model pickle (filename=trained_model-pt.pickle) from zip file (filename=data/models/trained_model-pt.zip)
2026-08-24 14:32:19,240 - verbecc - INFO - predictor.py:21 - Loaded existing model from zip file.
2026-08-24 14:44:27,016 - verbecc - INFO - verbs.py:29 - loaded verbecc config: VerbeccConfig(version=1, ENABLE_ML_PREDICTION=True, JSBEAUTIFIER_ENABLE=True, JSBEAUTIFIER_OPTS=JSBeautifierOpts(brace_style='expand', break_chained_methods=False, comma_first=False, e4x=False, end_with_newline=False, indent_char=' ', indent_empty_lines=False, indent_inner_html=False, indent_scripts='normal', indent_size=4, jslint_happy=False, keep_array_indentation=False, max_preserve_newlines=-1, preserve_newlines=False, space_before_conditional=True, unescape_strings=False, wrap_line_length=80), JSON_OPTS=JSONOpts(allow_nan=False, sort_keys=True, ensure_ascii=False, indent=4))
2026-08-24 14:44:27,112 - verbecc - INFO - model_utils.py:54 - Loaded model pickle (filename=trained_model-pt.pickle) from zip file (filename=data/models/trained_model-pt.zip)
2026-08-24 14:44:27,112 - verbecc - INFO - predictor.py:21 - Loaded existing model from zip file.
